#0 building with "default" instance using docker driver

#1 [internal] load build definition from candidate.Dockerfile
#1 transferring dockerfile: 408B done
#1 DONE 0.0s

#2 [internal] load metadata for docker.io/library/escape-navigation:goal45-base-8a36ebd1
#2 DONE 0.0s

#3 [internal] load .dockerignore
#3 transferring context: 2B done
#3 DONE 0.0s

#4 [internal] load build context
#4 transferring context: 68.02kB done
#4 DONE 0.0s

#5 [1/3] FROM docker.io/library/escape-navigation:goal45-base-8a36ebd1
#5 DONE 0.1s

#6 [2/3] COPY candidate/motion.py candidate/action_executor_node.py /opt/s2e-robot-minimal/lib/python3.12/site-packages/s2e_vlm_robot/
#6 DONE 0.0s

#7 [3/3] COPY candidate/robot_escape.launch.py /opt/s2e-robot-minimal/share/s2e_vlm_robot/launch/robot_escape.launch.py
#7 DONE 0.0s

#8 exporting to image
#8 exporting layers 0.0s done
#8 writing image sha256:2fc034b16066c3e0aaf170d164825903fbfc1f48122ced32411c616868428d40 done
#8 naming to docker.io/library/escape-navigation:goal45-sensor-candidate-20260914 done
#8 DONE 0.1s
